// Jest Snapshot v1, https://goo.gl/fbAQLP

exports[`TodoAdd component tests should show TodoAddComponent 1`] = `
<div
  className="col-5"
>
  <h4>
    Add toDo
  </h4>
  <form
    className="form-group text-right"
    onSubmit={[Function]}
  >
    <div
      className="row"
    >
      <div
        className="col-8"
      >
        <input
          autoComplete="off"
          className="form-control w-100"
          name="description"
          onChange={[Function]}
          placeholder="Add Todo"
          type="text"
          value=""
        />
      </div>
      <div
        className="col-4"
      >
        <button
          className="btn btn-outline-primary w-100"
          type="submit"
        >
          Add
        </button>
      </div>
    </div>
  </form>
</div>
`;
